--- 2026-09-10 09:58:53 ---
               total        used        free      shared  buff/cache   available
Mem:           1,9Gi       370Mi       424Mi       912Ki       1,3Gi       1,6Gi
Swap:          1,8Gi       268Ki       1,8Gi
Filesystem                         Size  Used Avail Use% Mounted on
tmpfs                              197M  1,1M  196M   1% /run
/dev/mapper/ubuntu--vg-ubuntu--lv  9,8G  4,9G  4,5G  53% /
tmpfs                              984M     0  984M   0% /dev/shm
tmpfs                              5,0M     0  5,0M   0% /run/lock
/dev/sda2                          1,8G  199M  1,5G  13% /boot
tmpfs                              197M   12K  197M   1% /run/user/1000
 09:58:53 up 5 days, 21:52,  2 users,  load average: 0,01, 0,00, 0,00
--- 2026-09-10 09:59:03 ---
               total        used        free      shared  buff/cache   available
Mem:           1,9Gi       370Mi       424Mi       912Ki       1,3Gi       1,6Gi
Swap:          1,8Gi       268Ki       1,8Gi
Filesystem                         Size  Used Avail Use% Mounted on
tmpfs                              197M  1,1M  196M   1% /run
/dev/mapper/ubuntu--vg-ubuntu--lv  9,8G  4,9G  4,5G  53% /
tmpfs                              984M     0  984M   0% /dev/shm
tmpfs                              5,0M     0  5,0M   0% /run/lock
/dev/sda2                          1,8G  199M  1,5G  13% /boot
tmpfs                              197M   12K  197M   1% /run/user/1000
 09:59:03 up 5 days, 21:52,  2 users,  load average: 0,01, 0,00, 0,00
--- 2026-09-10 10:00:50 ---
               total        used        free      shared  buff/cache   available
Mem:           1,9Gi       366Mi       424Mi       912Ki       1,3Gi       1,6Gi
Swap:          1,8Gi       268Ki       1,8Gi
Filesystem                         Size  Used Avail Use% Mounted on
tmpfs                              197M  1,1M  196M   1% /run
/dev/mapper/ubuntu--vg-ubuntu--lv  9,8G  4,9G  4,5G  53% /
tmpfs                              984M     0  984M   0% /dev/shm
tmpfs                              5,0M     0  5,0M   0% /run/lock
/dev/sda2                          1,8G  199M  1,5G  13% /boot
tmpfs                              197M   12K  197M   1% /run/user/1000
 10:00:50 up 5 days, 21:54,  2 users,  load average: 0,02, 0,01, 0,00

--- 2026-09-10 10:01:00 ---
               total        used        free      shared  buff/cache   available
Mem:           1,9Gi       366Mi       424Mi       912Ki       1,3Gi       1,6Gi
Swap:          1,8Gi       268Ki       1,8Gi
Filesystem                         Size  Used Avail Use% Mounted on
tmpfs                              197M  1,1M  196M   1% /run
/dev/mapper/ubuntu--vg-ubuntu--lv  9,8G  4,9G  4,5G  53% /
tmpfs                              984M     0  984M   0% /dev/shm
tmpfs                              5,0M     0  5,0M   0% /run/lock
/dev/sda2                          1,8G  199M  1,5G  13% /boot
tmpfs                              197M   12K  197M   1% /run/user/1000
 10:01:00 up 5 days, 21:54,  2 users,  load average: 0,02, 0,01, 0,00

